=== javadelight.delight-nashorn-sandbox | config=M | run=2 | NO_TESTS_PARSED | 2026-09-15 23:57:57 ===


usage: mvn [options] [<goal(s)>] [<phase(s)>]

Options:
 -am,--also-make                        If project list is specified, also
                                        build projects required by the
                                        list
 -amd,--also-make-dependents            If project list is specified, also
                                        build projects that depend on
                                        projects on the list
 -B,--batch-mode                        Run in non-interactive (batch)
                                        mode (disables output color)
 -b,--builder <arg>                     The id of the build strategy to
                                        use
 -C,--strict-checksums                  Fail the build if checksums don't
                                        match
 -c,--lax-checksums                     Warn if checksums don't match
 -cpu,--check-plugin-updates            Ineffective, only kept for
                                        backward compatibility
 -D,--define <arg>                      Define a system property
 -e,--errors                            Produce execution error messages
 -emp,--encrypt-master-password <arg>   Encrypt master security password
 -ep,--encrypt-password <arg>           Encrypt server password
 -f,--file <arg>                        Force the use of an alternate POM
                                        file (or directory with pom.xml)
 -fae,--fail-at-end                     Only fail the build afterwards;
                                        allow all non-impacted builds to
                                        continue
 -ff,--fail-fast                        Stop at first failure in
                                        reactorized builds
 -fn,--fail-never                       NEVER fail the build, regardless
                                        of project result
 -gs,--global-settings <arg>            Alternate path for the global
                                        settings file
 -gt,--global-toolchains <arg>          Alternate path for the global
                                        toolchains file
 -h,--help                              Display help information
 -l,--log-file <arg>                    Log file where all build output
                                        will go (disables output color)
 -llr,--legacy-local-repository         Use Maven 2 Legacy Local
                                        Repository behaviour, ie no use of
                                        _remote.repositories. Can also be
                                        activated by using
                                        -Dmaven.legacyLocalRepo=true
 -N,--non-recursive                     Do not recurse into sub-projects
 -npr,--no-plugin-registry              Ineffective, only kept for
                                        backward compatibility
 -npu,--no-plugin-updates               Ineffective, only kept for
                           
---STDERR---
WARNING: The requested image's platform (linux/amd64) does not match the detected host platform (linux/arm64/v8) and no specific platform was requested
Unable to parse command line options: Missing argument for option: pl
Unable to parse command line options: Missing argument for option: pl


=== javadelight.delight-nashorn-sandbox | config=M | run=3 | NO_TESTS_PARSED | 2026-09-15 23:57:57 ===


usage: mvn [options] [<goal(s)>] [<phase(s)>]

Options:
 -am,--also-make                        If project list is specified, also
                                        build projects required by the
                                        list
 -amd,--also-make-dependents            If project list is specified, also
                                        build projects that depend on
                                        projects on the list
 -B,--batch-mode                        Run in non-interactive (batch)
                                        mode (disables output color)
 -b,--builder <arg>                     The id of the build strategy to
                                        use
 -C,--strict-checksums                  Fail the build if checksums don't
                                        match
 -c,--lax-checksums                     Warn if checksums don't match
 -cpu,--check-plugin-updates            Ineffective, only kept for
                                        backward compatibility
 -D,--define <arg>                      Define a system property
 -e,--errors                            Produce execution error messages
 -emp,--encrypt-master-password <arg>   Encrypt master security password
 -ep,--encrypt-password <arg>           Encrypt server password
 -f,--file <arg>                        Force the use of an alternate POM
                                        file (or directory with pom.xml)
 -fae,--fail-at-end                     Only fail the build afterwards;
                                        allow all non-impacted builds to
                                        continue
 -ff,--fail-fast                        Stop at first failure in
                                        reactorized builds
 -fn,--fail-never                       NEVER fail the build, regardless
                                        of project result
 -gs,--global-settings <arg>            Alternate path for the global
                                        settings file
 -gt,--global-toolchains <arg>          Alternate path for the global
                                        toolchains file
 -h,--help                              Display help information
 -l,--log-file <arg>                    Log file where all build output
                                        will go (disables output color)
 -llr,--legacy-local-repository         Use Maven 2 Legacy Local
                                        Repository behaviour, ie no use of
                                        _remote.repositories. Can also be
                                        activated by using
                                        -Dmaven.legacyLocalRepo=true
 -N,--non-recursive                     Do not recurse into sub-projects
 -npr,--no-plugin-registry              Ineffective, only kept for
                                        backward compatibility
 -npu,--no-plugin-updates               Ineffective, only kept for
                           
---STDERR---
WARNING: The requested image's platform (linux/amd64) does not match the detected host platform (linux/arm64/v8) and no specific platform was requested
Unable to parse command line options: Missing argument for option: pl
Unable to parse command line options: Missing argument for option: pl


=== javadelight.delight-nashorn-sandbox | config=CM | run=1 | NO_TESTS_PARSED | 2026-09-16 00:18:14 ===

[INFO] Scanning for projects...
[WARNING] 
[WARNING] Some problems were encountered while building the effective model for org.javadelight:delight-nashorn-sandbox:bundle:0.1.19-SNAPSHOT
[WARNING] 'build.plugins.plugin.version' for org.apache.maven.plugins:maven-compiler-plugin is missing. @ line 91, column 12
[WARNING] Reporting configuration should be done in <reporting> section, not in maven-site-plugin <configuration> as reportPlugins parameter. @ line 159, column 20
[WARNING] 
[WARNING] It is highly recommended to fix these problems because they threaten the stability of your build.
[WARNING] 
[WARNING] For this reason, future Maven versions might no longer support building such malformed projects.
[WARNING] 
[INFO] 
[INFO] --------------< org.javadelight:delight-nashorn-sandbox >---------------
[INFO] Building delight-nashorn-sandbox 0.1.19-SNAPSHOT
[INFO] -------------------------------[ bundle ]-------------------------------
[INFO] 
[INFO] --- maven-resources-plugin:3.2.0:resources (default-resources) @ delight-nashorn-sandbox ---
[WARNING] Using platform encoding (ANSI_X3.4-1968 actually) to copy filtered resources, i.e. build is platform dependent!
[INFO] Using 'null' encoding to copy filtered properties files.
[INFO] Copying 18 resources
[INFO] Copying 0 resource
[INFO] 
[INFO] --- maven-compiler-plugin:3.8.1:compile (default-compile) @ delight-nashorn-sandbox ---
[INFO] Nothing to compile - all classes are up to date
[INFO] 
[INFO] --- maven-resources-plugin:3.2.0:testResources (default-testResources) @ delight-nashorn-sandbox ---
[WARNING] Using platform encoding (ANSI_X3.4-1968 actually) to copy filtered resources, i.e. build is platform dependent!
[INFO] Using 'null' encoding to copy filtered properties files.
[INFO] Copying 1 resource
[INFO] 
[INFO] --- maven-compiler-plugin:3.8.1:testCompile (default-testCompile) @ delight-nashorn-sandbox ---
[INFO] Changes detected - recompiling the module!
[WARNING] File encoding has not been set, using platform encoding ANSI_X3.4-1968, i.e. build is platform dependent!
[INFO] Compiling 35 source files to /home/throttling/javadelight/delight-nashorn-sandbox/target/test-classes
[INFO] 
[INFO] --- maven-surefire-plugin:3.0.0-M5:test (default-test) @ delight-nashorn-sandbox ---
[INFO] 
[INFO] -------------------------------------------------------
[INFO]  T E S T S
[INFO] -------------------------------------------------------
===MVN_EXIT 137===
===RUN_END 1===

---STDERR---
WARNING: The requested image's platform (linux/amd64) does not match the detected host platform (linux/arm64/v8) and no specific platform was requested
Unable to parse command line options: Missing argument for option: pl
Unable to parse command line options: Missing argument for option: pl


=== javadelight.delight-nashorn-sandbox | config=CM | run=2 | NO_TESTS_PARSED | 2026-09-16 00:18:14 ===


usage: mvn [options] [<goal(s)>] [<phase(s)>]

Options:
 -am,--also-make                        If project list is specified, also
                                        build projects required by the
                                        list
 -amd,--also-make-dependents            If project list is specified, also
                                        build projects that depend on
                                        projects on the list
 -B,--batch-mode                        Run in non-interactive (batch)
                                        mode (disables output color)
 -b,--builder <arg>                     The id of the build strategy to
                                        use
 -C,--strict-checksums                  Fail the build if checksums don't
                                        match
 -c,--lax-checksums                     Warn if checksums don't match
 -cpu,--check-plugin-updates            Ineffective, only kept for
                                        backward compatibility
 -D,--define <arg>                      Define a system property
 -e,--errors                            Produce execution error messages
 -emp,--encrypt-master-password <arg>   Encrypt master security password
 -ep,--encrypt-password <arg>           Encrypt server password
 -f,--file <arg>                        Force the use of an alternate POM
                                        file (or directory with pom.xml)
 -fae,--fail-at-end                     Only fail the build afterwards;
                                        allow all non-impacted builds to
                                        continue
 -ff,--fail-fast                        Stop at first failure in
                                        reactorized builds
 -fn,--fail-never                       NEVER fail the build, regardless
                                        of project result
 -gs,--global-settings <arg>            Alternate path for the global
                                        settings file
 -gt,--global-toolchains <arg>          Alternate path for the global
                                        toolchains file
 -h,--help                              Display help information
 -l,--log-file <arg>                    Log file where all build output
                                        will go (disables output color)
 -llr,--legacy-local-repository         Use Maven 2 Legacy Local
                                        Repository behaviour, ie no use of
                                        _remote.repositories. Can also be
                                        activated by using
                                        -Dmaven.legacyLocalRepo=true
 -N,--non-recursive                     Do not recurse into sub-projects
 -npr,--no-plugin-registry              Ineffective, only kept for
                                        backward compatibility
 -npu,--no-plugin-updates               Ineffective, only kept for
                           
---STDERR---
WARNING: The requested image's platform (linux/amd64) does not match the detected host platform (linux/arm64/v8) and no specific platform was requested
Unable to parse command line options: Missing argument for option: pl
Unable to parse command line options: Missing argument for option: pl


=== javadelight.delight-nashorn-sandbox | config=CM | run=3 | NO_TESTS_PARSED | 2026-09-16 00:18:14 ===


usage: mvn [options] [<goal(s)>] [<phase(s)>]

Options:
 -am,--also-make                        If project list is specified, also
                                        build projects required by the
                                        list
 -amd,--also-make-dependents            If project list is specified, also
                                        build projects that depend on
                                        projects on the list
 -B,--batch-mode                        Run in non-interactive (batch)
                                        mode (disables output color)
 -b,--builder <arg>                     The id of the build strategy to
                                        use
 -C,--strict-checksums                  Fail the build if checksums don't
                                        match
 -c,--lax-checksums                     Warn if checksums don't match
 -cpu,--check-plugin-updates            Ineffective, only kept for
                                        backward compatibility
 -D,--define <arg>                      Define a system property
 -e,--errors                            Produce execution error messages
 -emp,--encrypt-master-password <arg>   Encrypt master security password
 -ep,--encrypt-password <arg>           Encrypt server password
 -f,--file <arg>                        Force the use of an alternate POM
                                        file (or directory with pom.xml)
 -fae,--fail-at-end                     Only fail the build afterwards;
                                        allow all non-impacted builds to
                                        continue
 -ff,--fail-fast                        Stop at first failure in
                                        reactorized builds
 -fn,--fail-never                       NEVER fail the build, regardless
                                        of project result
 -gs,--global-settings <arg>            Alternate path for the global
                                        settings file
 -gt,--global-toolchains <arg>          Alternate path for the global
                                        toolchains file
 -h,--help                              Display help information
 -l,--log-file <arg>                    Log file where all build output
                                        will go (disables output color)
 -llr,--legacy-local-repository         Use Maven 2 Legacy Local
                                        Repository behaviour, ie no use of
                                        _remote.repositories. Can also be
                                        activated by using
                                        -Dmaven.legacyLocalRepo=true
 -N,--non-recursive                     Do not recurse into sub-projects
 -npr,--no-plugin-registry              Ineffective, only kept for
                                        backward compatibility
 -npu,--no-plugin-updates               Ineffective, only kept for
                           
---STDERR---
WARNING: The requested image's platform (linux/amd64) does not match the detected host platform (linux/arm64/v8) and no specific platform was requested
Unable to parse command line options: Missing argument for option: pl
Unable to parse command line options: Missing argument for option: pl


