=== ORIGINAL RAFT PHASE-I PREPARATION ===
=== ORIGINAL RAFT PHASE-I PREPARATION ===
reproduce-original-paper-phase1
reproduce-original-paper-phase1
On branch reproduce-original-paper-phase1
Your branch is up to date with 'origin/reproduce-original-paper-phase1'.

Untracked files:
  (use "git add <file>..." to include in what will be committed)
	reproduction/original-paper-phase1/commands/02_prepare_original_phase1.sh
	reproduction/original-paper-phase1/logs/02_prepare_original_phase1.log

nothing added to commit but untracked files present (use "git add" to track)
On branch reproduce-original-paper-phase1
Your branch is up to date with 'origin/reproduce-original-paper-phase1'.

Untracked files:
  (use "git add <file>..." to include in what will be committed)
	reproduction/original-paper-phase1/commands/02_prepare_original_phase1.sh
	reproduction/original-paper-phase1/logs/02_prepare_original_phase1.log

nothing added to commit but untracked files present (use "git add" to track)
023c7030826461e21c0d39f052f563d3b9e15153
023c7030826461e21c0d39f052f563d3b9e15153
MISSING: python: xonsh-xonsh

Registry counts:
java: 30
js: 10
python: 11
TOTAL: 51
MISSING: python: xonsh-xonsh

Registry counts:
java: 30
js: 10
python: 11
TOTAL: 51
=== PREPARATION COMPLETE ===
=== PREPARATION COMPLETE ===
