+ echo ============================================================
============================================================
+ echo 'RAFT ORIGINAL-PAPER SMOKE TEST'
RAFT ORIGINAL-PAPER SMOKE TEST
+ echo 'Fresh Docker container per repetition'
Fresh Docker container per repetition
+ echo 'Project: javadelight.delight-nashorn-sandbox'
Project: javadelight.delight-nashorn-sandbox
+ echo 'Configuration: M'
Configuration: M
+ echo 'Runs: 3'
Runs: 3
+ echo ============================================================
============================================================
+ date
Wed Sep 16 01:16:16 EDT 2026
+ python3 original_paper_phase1_runner.py --only java --project javadelight.delight-nashorn-sandbox --configs M --runs 3
[01:16:16] === java/javadelight.delight-nashorn-sandbox (jonbell/raft:javadelight.delight-nashorn-sandbox-da35edc_dot-latest) ===
[01:16:18]   java cmd (zsh): MVNOPTIONS="-Ddependency-check.skip=true -Dmaven.repo.local=/home/throttling/deps -Dgpg.skip=true -DfailIfNoTests=false -Dskip.installnodenpm -Dskip.npm -Dskip....
[01:16:51]   [javadelight.delight-nashorn-sandbox] config M run 1: no tests parsed (mvn exit=137)
[01:17:05]   [javadelight.delight-nashorn-sandbox] config M run 2: parsed 1 tests (mvn exit=137)
[01:17:20]   [javadelight.delight-nashorn-sandbox] config M run 3: parsed 1 tests (mvn exit=137)
[01:17:20]   [javadelight.delight-nashorn-sandbox] config M: 2/3 runs produced parseable test results
[01:17:20] ALL DONE
+ date
Wed Sep 16 01:17:20 EDT 2026
